
 KBDDV

 Start     Length     Name                   Class
 0001:0000 00316H     _TEXT                  CODE
 0002:0000 000A0H     _DATA                  DATA

 Origin   Group
 0002:0   DGROUP

 Address   Export                  Alias

 0001:0091 GetKbdTable             GetKbdTable
 0001:012F WEP                     WEP

  Address         Publics by Name

 0002:0085       ASCCTLALT
 0002:0084       ASCCTLALTVK
 0001:0200       ASCIITAB
 0002:0093       ASCSHCTLALT
 0002:0086       ASCSHCTLALTVK
 0001:020E       BEGPATCHES
 0002:00A0       CAPITALTABLE
 0001:0054       COPYRIGHT
 0002:0000       COUNTRYNAME
 0001:003F       DATE
 0001:01DF       FKEYTYPE
 0001:0091       GetKbdTable
 0001:01DE       HEADERBEG
 0001:020E       HEADEREND
 0002:006C       MORTO
 0002:006C       MORTOCODE
 0001:0132       NINDICES
 0001:0159       PATCH102
 0001:02C6       PATCHACTLALT
 0001:02BE       PATCHACTLALTVK
 0001:0296       PATCHACTRL
 0001:028E       PATCHACTRLVK
 0001:02DE       PATCHASHCTLALT
 0001:02D6       PATCHASHCTLALTVK
 0001:024E       PATCHATRAN
 0002:0034       PATCHATRAN4
 0001:030E       PATCHCAPITAL
 0001:0134       PATCHINDICES
 0001:02FE       PATCHMORTOCODE
 0001:02EE       PATCHMORTOVK
 0001:01FE       PCAPITAL
 0001:020A       PDEADCHAR
 0001:01FA       PDEADKEYCODE
 0001:01F8       PMORTO
 0001:0208       PMORTOCODE
 0001:01FC       PSGCAPSVK
 0001:020C       PSGTRANS
 0001:01E2       SZASCCONTROL
 0001:01E4       SZASCCTLALT
 0001:01E6       SZASCSHCTLALT
 0001:01E0       SZASCTRAN
 0001:01EC       SZCAPITAL
 0001:01EE       SZDEADKEY
 0001:01DC       SZHEADER
 0001:01E8       SZMORTO
 0001:02B6       SZPATCHACTLALT
 0001:0286       SZPATCHACTRL
 0001:02CE       SZPATCHASHCTLALT
 0001:0246       SZPATCHATRAN
 0001:0306       SZPATCHCAPITAL
 0001:02F6       SZPATCHMORTOCODE
 0001:02E6       SZPATCHMORTOVK
 0001:01EA       SZSGCAPS
 0001:01DE       TABLETYPE
 0001:015C       TRANSPATCHES
 0002:007D       VARASCCTRL
 0002:0071       VARASCCTRLVK
 0001:01F0       VIRTADR
 0001:012F       WEP
 0001:014D       X1
 0001:014E       X2
 0000:0000  Imp  __ROMBIOS            (KERNEL.173)

  Address         Publics by Value

 0000:0000  Imp  __ROMBIOS            (KERNEL.173)
 0001:003F       DATE
 0001:0054       COPYRIGHT
 0001:0091       GetKbdTable
 0001:012F       WEP
 0001:0132       NINDICES
 0001:0134       PATCHINDICES
 0001:014D       X1
 0001:014E       X2
 0001:0159       PATCH102
 0001:015C       TRANSPATCHES
 0001:01DC       SZHEADER
 0001:01DE       TABLETYPE
 0001:01DE       HEADERBEG
 0001:01DF       FKEYTYPE
 0001:01E0       SZASCTRAN
 0001:01E2       SZASCCONTROL
 0001:01E4       SZASCCTLALT
 0001:01E6       SZASCSHCTLALT
 0001:01E8       SZMORTO
 0001:01EA       SZSGCAPS
 0001:01EC       SZCAPITAL
 0001:01EE       SZDEADKEY
 0001:01F0       VIRTADR
 0001:01F8       PMORTO
 0001:01FA       PDEADKEYCODE
 0001:01FC       PSGCAPSVK
 0001:01FE       PCAPITAL
 0001:0200       ASCIITAB
 0001:0208       PMORTOCODE
 0001:020A       PDEADCHAR
 0001:020C       PSGTRANS
 0001:020E       BEGPATCHES
 0001:020E       HEADEREND
 0001:0246       SZPATCHATRAN
 0001:024E       PATCHATRAN
 0001:0286       SZPATCHACTRL
 0001:028E       PATCHACTRLVK
 0001:0296       PATCHACTRL
 0001:02B6       SZPATCHACTLALT
 0001:02BE       PATCHACTLALTVK
 0001:02C6       PATCHACTLALT
 0001:02CE       SZPATCHASHCTLALT
 0001:02D6       PATCHASHCTLALTVK
 0001:02DE       PATCHASHCTLALT
 0001:02E6       SZPATCHMORTOVK
 0001:02EE       PATCHMORTOVK
 0001:02F6       SZPATCHMORTOCODE
 0001:02FE       PATCHMORTOCODE
 0001:0306       SZPATCHCAPITAL
 0001:030E       PATCHCAPITAL
 0002:0000       COUNTRYNAME
 0002:0034       PATCHATRAN4
 0002:006C       MORTOCODE
 0002:006C       MORTO
 0002:0071       VARASCCTRLVK
 0002:007D       VARASCCTRL
 0002:0084       ASCCTLALTVK
 0002:0085       ASCCTLALT
 0002:0086       ASCSHCTLALTVK
 0002:0093       ASCSHCTLALT
 0002:00A0       CAPITALTABLE
