
 KBDFR

 Start     Length     Name                   Class
 0001:0000 00366H     _TEXT                  CODE
 0001:0366 00322H     _NAMES                 CODE
 0002:0000 00118H     _DATA                  DATA

 Origin   Group
 0002:0   DGROUP

 Address   Export                  Alias

 0001:0091 GetKbdTable             GetKbdTable
 0001:0648 GetKeyString            GetKeyString
 0001:015B WEP                     WEP

  Address         Publics by Name

 0002:00E2       ASCCTLALT
 0002:00D6       ASCCTLALTVK
 0001:01DC       ASCIITAB
 0002:00F9       ASCSHCTLALT
 0002:00EE       ASCSHCTLALTVK
 0001:01EA       BEGPATCHES
 0002:0104       CAPITALTABLE
 0001:0054       COPYRIGHT
 0002:0000       COUNTRYNAME
 0001:003F       DATE
 0001:01BB       FKEYTYPE
 0001:0091       GetKbdTable
 0001:0648       GetKeyString
 0001:01BA       HEADERBEG
 0001:01EA       HEADEREND
 0002:00B4       MORTO
 0002:00B8       MORTOCODE
 0001:015E       NINDICES
 0001:0171       PATCH102
 0001:02D0       PATCHACTLALT
 0001:02C8       PATCHACTLALTVK
 0001:02A2       PATCHACTRL
 0001:029A       PATCHACTRLVK
 0001:0304       PATCHASHCTLALT
 0001:02FC       PATCHASHCTLALTVK
 0001:022A       PATCHATRAN
 0002:0037       PATCHATRAN4
 0001:0346       PATCHCAPITAL
 0001:0160       PATCHINDICES
 0001:032A       PATCHMORTOCODE
 0001:031A       PATCHMORTOVK
 0001:01DA       PCAPITAL
 0001:01E6       PDEADCHAR
 0001:01D6       PDEADKEYCODE
 0001:01D4       PMORTO
 0001:01E4       PMORTOCODE
 0001:01D8       PSGCAPSVK
 0001:01E8       PSGTRANS
 0001:01BE       SZASCCONTROL
 0001:01C0       SZASCCTLALT
 0001:01C2       SZASCSHCTLALT
 0001:01BC       SZASCTRAN
 0001:01C8       SZCAPITAL
 0001:01CA       SZDEADKEY
 0001:01B8       SZHEADER
 0001:01C4       SZMORTO
 0001:02C0       SZPATCHACTLALT
 0001:0292       SZPATCHACTRL
 0001:02F4       SZPATCHASHCTLALT
 0001:0222       SZPATCHATRAN
 0001:033E       SZPATCHCAPITAL
 0001:0322       SZPATCHMORTOCODE
 0001:0312       SZPATCHMORTOVK
 0001:01C6       SZSGCAPS
 0001:01BA       TABLETYPE
 0001:0174       TRANSPATCHES
 0002:00CD       VARASCCTRL
 0002:00BF       VARASCCTRLVK
 0001:01CC       VIRTADR
 0001:015B       WEP
 0001:016A       X1
 0001:016B       X2
 0000:0000  Imp  __ROMBIOS            (KERNEL.173)

  Address         Publics by Value

 0000:0000  Imp  __ROMBIOS            (KERNEL.173)
 0001:003F       DATE
 0001:0054       COPYRIGHT
 0001:0091       GetKbdTable
 0001:015B       WEP
 0001:015E       NINDICES
 0001:0160       PATCHINDICES
 0001:016A       X1
 0001:016B       X2
 0001:0171       PATCH102
 0001:0174       TRANSPATCHES
 0001:01B8       SZHEADER
 0001:01BA       TABLETYPE
 0001:01BA       HEADERBEG
 0001:01BB       FKEYTYPE
 0001:01BC       SZASCTRAN
 0001:01BE       SZASCCONTROL
 0001:01C0       SZASCCTLALT
 0001:01C2       SZASCSHCTLALT
 0001:01C4       SZMORTO
 0001:01C6       SZSGCAPS
 0001:01C8       SZCAPITAL
 0001:01CA       SZDEADKEY
 0001:01CC       VIRTADR
 0001:01D4       PMORTO
 0001:01D6       PDEADKEYCODE
 0001:01D8       PSGCAPSVK
 0001:01DA       PCAPITAL
 0001:01DC       ASCIITAB
 0001:01E4       PMORTOCODE
 0001:01E6       PDEADCHAR
 0001:01E8       PSGTRANS
 0001:01EA       BEGPATCHES
 0001:01EA       HEADEREND
 0001:0222       SZPATCHATRAN
 0001:022A       PATCHATRAN
 0001:0292       SZPATCHACTRL
 0001:029A       PATCHACTRLVK
 0001:02A2       PATCHACTRL
 0001:02C0       SZPATCHACTLALT
 0001:02C8       PATCHACTLALTVK
 0001:02D0       PATCHACTLALT
 0001:02F4       SZPATCHASHCTLALT
 0001:02FC       PATCHASHCTLALTVK
 0001:0304       PATCHASHCTLALT
 0001:0312       SZPATCHMORTOVK
 0001:031A       PATCHMORTOVK
 0001:0322       SZPATCHMORTOCODE
 0001:032A       PATCHMORTOCODE
 0001:033E       SZPATCHCAPITAL
 0001:0346       PATCHCAPITAL
 0001:0648       GetKeyString
 0002:0000       COUNTRYNAME
 0002:0037       PATCHATRAN4
 0002:00B4       MORTO
 0002:00B8       MORTOCODE
 0002:00BF       VARASCCTRLVK
 0002:00CD       VARASCCTRL
 0002:00D6       ASCCTLALTVK
 0002:00E2       ASCCTLALT
 0002:00EE       ASCSHCTLALTVK
 0002:00F9       ASCSHCTLALT
 0002:0104       CAPITALTABLE
