
 KBDNE

 Start     Length     Name                   Class
 0001:0000 0030EH     _TEXT                  CODE
 0001:030E 002FFH     _NAMES                 CODE
 0002:0000 00188H     _DATA                  DATA

 Origin   Group
 0002:0   DGROUP

 Address   Export                  Alias

 0001:0091 GetKbdTable             GetKbdTable
 0001:05CD GetKeyString            GetKeyString
 0001:015B WEP                     WEP

  Address         Publics by Name

 0002:015A       ASCCTLALT
 0002:0147       ASCCTLALTVK
 0001:01C8       ASCIITAB
 0002:017A       ASCSHCTLALT
 0002:016D       ASCSHCTLALTVK
 0001:01D6       BEGPATCHES
 0002:0187       CAPITALTABLE
 0001:0054       COPYRIGHT
 0002:0000       COUNTRYNAME
 0001:003F       DATE
 0001:01A7       FKEYTYPE
 0001:0091       GetKbdTable
 0001:05CD       GetKeyString
 0001:01A6       HEADERBEG
 0001:01D6       HEADEREND
 0002:011C       MORTO
 0002:012A       MORTOCODE
 0001:015E       NINDICES
 0001:0171       PATCH102
 0001:02BE       PATCHACTLALT
 0001:02B6       PATCHACTLALTVK
 0001:028E       PATCHACTRL
 0001:0286       PATCHACTRLVK
 0001:02D6       PATCHASHCTLALT
 0001:02CE       PATCHASHCTLALTVK
 0001:0216       PATCHATRAN
 0002:003C       PATCHATRAN4
 0001:0306       PATCHCAPITAL
 0001:0160       PATCHINDICES
 0001:02F6       PATCHMORTOCODE
 0001:02E6       PATCHMORTOVK
 0001:01C6       PCAPITAL
 0001:01D2       PDEADCHAR
 0001:01C2       PDEADKEYCODE
 0001:01C0       PMORTO
 0001:01D0       PMORTOCODE
 0001:01C4       PSGCAPSVK
 0001:01D4       PSGTRANS
 0001:01AA       SZASCCONTROL
 0001:01AC       SZASCCTLALT
 0001:01AE       SZASCSHCTLALT
 0001:01A8       SZASCTRAN
 0001:01B4       SZCAPITAL
 0001:01B6       SZDEADKEY
 0001:01A4       SZHEADER
 0001:01B0       SZMORTO
 0001:02AE       SZPATCHACTLALT
 0001:027E       SZPATCHACTRL
 0001:02C6       SZPATCHASHCTLALT
 0001:020E       SZPATCHATRAN
 0001:02FE       SZPATCHCAPITAL
 0001:02EE       SZPATCHMORTOCODE
 0001:02DE       SZPATCHMORTOVK
 0001:01B2       SZSGCAPS
 0001:01A6       TABLETYPE
 0001:0174       TRANSPATCHES
 0002:0141       VARASCCTRL
 0002:0136       VARASCCTRLVK
 0001:01B8       VIRTADR
 0001:015B       WEP
 0001:016A       X1
 0001:016B       X2
 0000:0000  Imp  __ROMBIOS            (KERNEL.173)

  Address         Publics by Value

 0000:0000  Imp  __ROMBIOS            (KERNEL.173)
 0001:003F       DATE
 0001:0054       COPYRIGHT
 0001:0091       GetKbdTable
 0001:015B       WEP
 0001:015E       NINDICES
 0001:0160       PATCHINDICES
 0001:016A       X1
 0001:016B       X2
 0001:0171       PATCH102
 0001:0174       TRANSPATCHES
 0001:01A4       SZHEADER
 0001:01A6       TABLETYPE
 0001:01A6       HEADERBEG
 0001:01A7       FKEYTYPE
 0001:01A8       SZASCTRAN
 0001:01AA       SZASCCONTROL
 0001:01AC       SZASCCTLALT
 0001:01AE       SZASCSHCTLALT
 0001:01B0       SZMORTO
 0001:01B2       SZSGCAPS
 0001:01B4       SZCAPITAL
 0001:01B6       SZDEADKEY
 0001:01B8       VIRTADR
 0001:01C0       PMORTO
 0001:01C2       PDEADKEYCODE
 0001:01C4       PSGCAPSVK
 0001:01C6       PCAPITAL
 0001:01C8       ASCIITAB
 0001:01D0       PMORTOCODE
 0001:01D2       PDEADCHAR
 0001:01D4       PSGTRANS
 0001:01D6       BEGPATCHES
 0001:01D6       HEADEREND
 0001:020E       SZPATCHATRAN
 0001:0216       PATCHATRAN
 0001:027E       SZPATCHACTRL
 0001:0286       PATCHACTRLVK
 0001:028E       PATCHACTRL
 0001:02AE       SZPATCHACTLALT
 0001:02B6       PATCHACTLALTVK
 0001:02BE       PATCHACTLALT
 0001:02C6       SZPATCHASHCTLALT
 0001:02CE       PATCHASHCTLALTVK
 0001:02D6       PATCHASHCTLALT
 0001:02DE       SZPATCHMORTOVK
 0001:02E6       PATCHMORTOVK
 0001:02EE       SZPATCHMORTOCODE
 0001:02F6       PATCHMORTOCODE
 0001:02FE       SZPATCHCAPITAL
 0001:0306       PATCHCAPITAL
 0001:05CD       GetKeyString
 0002:0000       COUNTRYNAME
 0002:003C       PATCHATRAN4
 0002:011C       MORTO
 0002:012A       MORTOCODE
 0002:0136       VARASCCTRLVK
 0002:0141       VARASCCTRL
 0002:0147       ASCCTLALTVK
 0002:015A       ASCCTLALT
 0002:016D       ASCSHCTLALTVK
 0002:017A       ASCSHCTLALT
 0002:0187       CAPITALTABLE
