
 KBDUSX

 Start     Length     Name                   Class
 0001:0000 0032BH     _TEXT                  CODE
 0002:0000 001B1H     _DATA                  DATA

 Origin   Group
 0002:0   DGROUP

 Address   Export                  Alias

 0001:0091 GetKbdTable             GetKbdTable
 0001:012F WEP                     WEP

  Address         Publics by Name

 0002:015F       ASCCTLALT
 0002:013B       ASCCTLALTVK
 0001:019C       ASCIITAB
 0002:019A       ASCSHCTLALT
 0002:0183       ASCSHCTLALTVK
 0001:01AA       BEGPATCHES
 0002:01B1       CAPITALTABLE
 0001:0054       COPYRIGHT
 0002:0000       COUNTRYNAME
 0001:003F       DATE
 0001:017B       FKEYTYPE
 0001:0091       GetKbdTable
 0001:017A       HEADERBEG
 0001:01AA       HEADEREND
 0002:0114       MORTO
 0002:011E       MORTOCODE
 0001:0132       NINDICES
 0001:0145       PATCH102
 0001:0256       PATCHACTLALT
 0001:024E       PATCHACTLALTVK
 0001:0232       PATCHACTRL
 0001:022A       PATCHACTRLVK
 0001:02B6       PATCHASHCTLALT
 0001:02AE       PATCHASHCTLALTVK
 0001:01EA       PATCHATRAN
 0002:0034       PATCHATRAN4
 0001:0323       PATCHCAPITAL
 0001:0134       PATCHINDICES
 0001:0304       PATCHMORTOCODE
 0001:02F4       PATCHMORTOVK
 0001:019A       PCAPITAL
 0001:01A6       PDEADCHAR
 0001:0196       PDEADKEYCODE
 0001:0194       PMORTO
 0001:01A4       PMORTOCODE
 0001:0198       PSGCAPSVK
 0001:01A8       PSGTRANS
 0001:017E       SZASCCONTROL
 0001:0180       SZASCCTLALT
 0001:0182       SZASCSHCTLALT
 0001:017C       SZASCTRAN
 0001:0188       SZCAPITAL
 0001:018A       SZDEADKEY
 0001:0178       SZHEADER
 0001:0184       SZMORTO
 0001:0246       SZPATCHACTLALT
 0001:0222       SZPATCHACTRL
 0001:02A6       SZPATCHASHCTLALT
 0001:01E2       SZPATCHATRAN
 0001:031B       SZPATCHCAPITAL
 0001:02FC       SZPATCHMORTOCODE
 0001:02EC       SZPATCHMORTOVK
 0001:0186       SZSGCAPS
 0001:017A       TABLETYPE
 0001:0148       TRANSPATCHES
 0002:0134       VARASCCTRL
 0002:0128       VARASCCTRLVK
 0001:018C       VIRTADR
 0001:012F       WEP
 0000:0000  Imp  __ROMBIOS            (KERNEL.173)

  Address         Publics by Value

 0000:0000  Imp  __ROMBIOS            (KERNEL.173)
 0001:003F       DATE
 0001:0054       COPYRIGHT
 0001:0091       GetKbdTable
 0001:012F       WEP
 0001:0132       NINDICES
 0001:0134       PATCHINDICES
 0001:0145       PATCH102
 0001:0148       TRANSPATCHES
 0001:0178       SZHEADER
 0001:017A       TABLETYPE
 0001:017A       HEADERBEG
 0001:017B       FKEYTYPE
 0001:017C       SZASCTRAN
 0001:017E       SZASCCONTROL
 0001:0180       SZASCCTLALT
 0001:0182       SZASCSHCTLALT
 0001:0184       SZMORTO
 0001:0186       SZSGCAPS
 0001:0188       SZCAPITAL
 0001:018A       SZDEADKEY
 0001:018C       VIRTADR
 0001:0194       PMORTO
 0001:0196       PDEADKEYCODE
 0001:0198       PSGCAPSVK
 0001:019A       PCAPITAL
 0001:019C       ASCIITAB
 0001:01A4       PMORTOCODE
 0001:01A6       PDEADCHAR
 0001:01A8       PSGTRANS
 0001:01AA       HEADEREND
 0001:01AA       BEGPATCHES
 0001:01E2       SZPATCHATRAN
 0001:01EA       PATCHATRAN
 0001:0222       SZPATCHACTRL
 0001:022A       PATCHACTRLVK
 0001:0232       PATCHACTRL
 0001:0246       SZPATCHACTLALT
 0001:024E       PATCHACTLALTVK
 0001:0256       PATCHACTLALT
 0001:02A6       SZPATCHASHCTLALT
 0001:02AE       PATCHASHCTLALTVK
 0001:02B6       PATCHASHCTLALT
 0001:02EC       SZPATCHMORTOVK
 0001:02F4       PATCHMORTOVK
 0001:02FC       SZPATCHMORTOCODE
 0001:0304       PATCHMORTOCODE
 0001:031B       SZPATCHCAPITAL
 0001:0323       PATCHCAPITAL
 0002:0000       COUNTRYNAME
 0002:0034       PATCHATRAN4
 0002:0114       MORTO
 0002:011E       MORTOCODE
 0002:0128       VARASCCTRLVK
 0002:0134       VARASCCTRL
 0002:013B       ASCCTLALTVK
 0002:015F       ASCCTLALT
 0002:0183       ASCSHCTLALTVK
 0002:019A       ASCSHCTLALT
 0002:01B1       CAPITALTABLE
