
 KEYBOARD

 Start     Length     Name                   Class
 0001:0000 0007EH     _INIT                  CODE
 0002:0000 000A2H     _TABS                  CODE
 0003:0000 00263H     _NEWTAB                CODE
 0004:0000 000C3H     _OEMSC                 CODE
 0005:0000 000A2H     _VKKSC                 CODE
 0006:0000 000A7H     _SETSP                 CODE
 0007:0000 00038H     _GETTYPE               CODE
 0008:0000 000DCH     _MAPVK                 CODE
 0009:0000 0041AH     _GETNAME               CODE
 000A:0000 00AFFH     _TEXT                  CODE
 000B:0000 00144H     _DATA                  DATA

 Origin   Group
 000B:0   DGROUP

 Address   Export                  Alias

 000A:0843 AnsiToOem               AnsiToOem
 000A:08EB AnsiToOemBuff           AnsiToOemBuff
 000A:0AAC Disable                 Disable
 000A:09D0 Enable                  Enable
 000A:096D EnableKBSysReq          EnableKBSysReq
 000A:001E GetBIOSKeyProc          GetBIOSKeyProc
 000A:083E GetKBCodePage           GetKBCodePage
 0007:0000 GetKeyboardType         GetKeyboardType
 0009:0305 GetKeyNameText          GetKeyNameText
 0002:0088 GetTableSeg             GetTableSeg
 000A:09AC Inquire                 Inquire
 0008:0000 MapVirtualKey           MapVirtualKey
 0003:00CD NewTable                NewTable
 0004:0000 OEMKeyScan              OEMKeyScan
 000A:086C OemToAnsi               OemToAnsi
 000A:0913 OemToAnsiBuff           OemToAnsiBuff
 000A:0952 ScreenSwitchEnable      ScreenSwitchEnable
 0006:0020 SetSpeed                SetSpeed
 000A:0430 ToAscii                 ToAscii
 0005:0007 VkKeyScan               VkKeyScan
 000A:0AFC WEP                     WEP

  Address         Publics by Name

 000B:0110       ACKBYTE
 0000:0000  Imp  ALLOCCSTODSALIAS     (KERNEL.170)
 000A:0843       AnsiToOem
 000A:08EB       AnsiToOemBuff
 000A:071E       ANSITOOEMTABLE
 0002:0088       ASCCTLALT
 0002:0088       ASCCTLALTVK
 000B:0036       ASCIITAB
 0002:0088       ASCSHCTLALT
 0002:0088       ASCSHCTLALTVK
 000B:0108       BIOS_PROC
 0002:0088       CAPITALTABLE
 000A:06FC       CODEPAGE
 0001:0016       COPYRIGHT
 000A:03BC       CTLBRKCASE
 000A:079E       CTRLOEMTOANSI
 0000:0000  Imp  CVWBREAK             (KERNEL.205)
 000A:0004       CVWHACKCALL
 0001:0001       DATE
 000A:0AAC       Disable
 0000:0000  Imp  DOSIGNAL             (KERNEL.139)
 000A:09D0       Enable
 000B:012E       ENABLED
 000A:0A5D       ENABLEEXIT
 000A:096D       EnableKBSysReq
 000A:0430       ENDTRAP
 000B:00FA       EVENT_PROC
 0009:02D4       EXTENDINDEX
 0009:02BF       EXTENDSCAN
 000A:0305       FAKECAPSLOCK
 000B:0015       FKEYTYPE
 0000:0000  Imp  FREELIBRARY          (KERNEL.96)
 0000:0000  Imp  FREESELECTOR         (KERNEL.176)
 000B:0104       FSWITCHENABLE
 000B:0130       FSYSREQ
 000B:012F       FTABLES
 000A:001E       GetBIOSKeyProc
 000A:083E       GetKBCodePage
 0007:0000       GetKeyboardType
 0009:0305       GetKeyNameText
 0000:0000  Imp  GETMODULEHANDLE      (KERNEL.47)
 000A:0A4D       GETNMI
 0000:0000  Imp  GETPRIVATEPROFILEINT (KERNEL.127)
 0000:0000  Imp  GETPRIVATEPROFILESTRING (KERNEL.128)
 0000:0000  Imp  GETPROCADDRESS       (KERNEL.50)
 0003:00A1       GETSYSFILENAME
 0002:0088       GetTableSeg
 000A:0A5A       GOTNMI
 000B:0010       HTABLES
 000A:01D6       IGNOREKEY
 000B:0111       INITDATAEND
 000A:0A68       INITKEYSTATE
 000A:09AC       Inquire
 000B:0131       INQUIREDATA
 000B:0137       IQDNUMFUNC
 000B:000D       ISERI
 000B:000E       ISOLI
 0000:0000  Imp  KBDRST               (KERNEL.123)
 0001:0053       KBINIT
 000A:0036       KEYBD_INT
 000B:00F7       KEYNUMBASE
 000B:00EA       KEYNUMTRANS
 000B:0044       KEYTRANSBASE
 000B:0046       KEYTRANSTBLSIZE
 000B:0048       KEYTRTAB
 000B:000C       KEYTYPE
 000B:012A       LIGHTSADDR
 0000:0000  Imp  LOADLIBRARY          (KERNEL.95)
 0008:0000       MapVirtualKey
 0002:0070       MORTO
 0002:0070       MORTOCODE
 0003:00CD       NewTable
 000B:010C       NMI_VECTOR
 000A:0215       NOPREVEXT
 0009:0290       NORMALINDEX
 0009:0261       NORMALSCAN
 000B:0126       NUMLOCKFLAG
 0004:0000       OEMKeyScan
 000A:086C       OemToAnsi
 000A:0913       OemToAnsiBuff
 000A:07BE       OEMTOANSITABLE
 000B:000F       OLITYPE
 0000:0000  Imp  OPENFILE             (KERNEL.74)
 0002:002E       PATCHATRAN4
 000B:0034       PCAPITAL
 000B:000A       PCTYPE
 000B:000B       PCTYPEHIGH
 000B:0040       PDEADCHAR
 000B:0030       PDEADKEYCODE
 000B:002E       PMORTO
 000B:003E       PMORTOCODE
 000A:031B       PREV_WAS_EXT_PROC
 000B:0032       PSGCAPSVK
 000B:0042       PSGTRANS
 000A:0952       ScreenSwitchEnable
 0006:0076       SEND_TO_KEYBOARD
 000A:0A9F       SETKEYSTATE
 000A:06D8       SETLIGHTHARDWARE
 000A:03D0       SETSHIFTSTATE
 0006:0020       SetSpeed
 000A:0AA7       SKS1
 000B:00A3       SNAMEBUF
 000A:01DC       STANDARD_PROC
 0009:01C7       STRINGTAB
 000B:0022       SZCAPITAL
 000B:0024       SZDEADKEY
 000B:001E       SZMORTO
 000B:0020       SZSGCAPS
 000A:04DA       T1NOTCTRLSHIFT
 000B:0014       TABLEBEG
 000B:0044       TABLEEND
 000B:0012       TABLESEG
 000B:0014       TABLETYPE
 000A:0430       ToAscii
 0003:0000       USTABLEBEG
 0002:0081       VARASCCTRL
 0002:0075       VARASCCTRLVK
 000B:0026       VIRTADR
 0005:0007       VkKeyScan
 000B:0016       VKSIZES
 000A:0AFC       WEP
 0000:0000  Imp  __AHINCR             (KERNEL.114)
 0000:0000  Imp  __ROMBIOS            (KERNEL.173)
 0000:0000  Imp  __WINFLAGS           (KERNEL.178)

  Address         Publics by Value

 0000:0000  Imp  __ROMBIOS            (KERNEL.173)
 0000:0000  Imp  DOSIGNAL             (KERNEL.139)
 0000:0000  Imp  KBDRST               (KERNEL.123)
 0000:0000  Imp  CVWBREAK             (KERNEL.205)
 0000:0000  Imp  __AHINCR             (KERNEL.114)
 0000:0000  Imp  __WINFLAGS           (KERNEL.178)
 0000:0000  Imp  GETMODULEHANDLE      (KERNEL.47)
 0000:0000  Imp  OPENFILE             (KERNEL.74)
 0000:0000  Imp  GETPRIVATEPROFILESTRING (KERNEL.128)
 0000:0000  Imp  GETPRIVATEPROFILEINT (KERNEL.127)
 0000:0000  Imp  FREESELECTOR         (KERNEL.176)
 0000:0000  Imp  ALLOCCSTODSALIAS     (KERNEL.170)
 0000:0000  Imp  LOADLIBRARY          (KERNEL.95)
 0000:0000  Imp  FREELIBRARY          (KERNEL.96)
 0000:0000  Imp  GETPROCADDRESS       (KERNEL.50)
 0001:0001       DATE
 0001:0016       COPYRIGHT
 0001:0053       KBINIT
 0002:002E       PATCHATRAN4
 0002:0070       MORTOCODE
 0002:0070       MORTO
 0002:0075       VARASCCTRLVK
 0002:0081       VARASCCTRL
 0002:0088       CAPITALTABLE
 0002:0088       ASCSHCTLALT
 0002:0088       ASCCTLALT
 0002:0088       ASCCTLALTVK
 0002:0088       GetTableSeg
 0002:0088       ASCSHCTLALTVK
 0003:0000       USTABLEBEG
 0003:00A1       GETSYSFILENAME
 0003:00CD       NewTable
 0004:0000       OEMKeyScan
 0005:0007       VkKeyScan
 0006:0020       SetSpeed
 0006:0076       SEND_TO_KEYBOARD
 0007:0000       GetKeyboardType
 0008:0000       MapVirtualKey
 0009:01C7       STRINGTAB
 0009:0261       NORMALSCAN
 0009:0290       NORMALINDEX
 0009:02BF       EXTENDSCAN
 0009:02D4       EXTENDINDEX
 0009:0305       GetKeyNameText
 000A:0004       CVWHACKCALL
 000A:001E       GetBIOSKeyProc
 000A:0036       KEYBD_INT
 000A:01D6       IGNOREKEY
 000A:01DC       STANDARD_PROC
 000A:0215       NOPREVEXT
 000A:0305       FAKECAPSLOCK
 000A:031B       PREV_WAS_EXT_PROC
 000A:03BC       CTLBRKCASE
 000A:03D0       SETSHIFTSTATE
 000A:0430       ToAscii
 000A:0430       ENDTRAP
 000A:04DA       T1NOTCTRLSHIFT
 000A:06D8       SETLIGHTHARDWARE
 000A:06FC       CODEPAGE
 000A:071E       ANSITOOEMTABLE
 000A:079E       CTRLOEMTOANSI
 000A:07BE       OEMTOANSITABLE
 000A:083E       GetKBCodePage
 000A:0843       AnsiToOem
 000A:086C       OemToAnsi
 000A:08EB       AnsiToOemBuff
 000A:0913       OemToAnsiBuff
 000A:0952       ScreenSwitchEnable
 000A:096D       EnableKBSysReq
 000A:09AC       Inquire
 000A:09D0       Enable
 000A:0A4D       GETNMI
 000A:0A5A       GOTNMI
 000A:0A5D       ENABLEEXIT
 000A:0A68       INITKEYSTATE
 000A:0A9F       SETKEYSTATE
 000A:0AA7       SKS1
 000A:0AAC       Disable
 000A:0AFC       WEP
 000B:000A       PCTYPE
 000B:000B       PCTYPEHIGH
 000B:000C       KEYTYPE
 000B:000D       ISERI
 000B:000E       ISOLI
 000B:000F       OLITYPE
 000B:0010       HTABLES
 000B:0012       TABLESEG
 000B:0014       TABLEBEG
 000B:0014       TABLETYPE
 000B:0015       FKEYTYPE
 000B:0016       VKSIZES
 000B:001E       SZMORTO
 000B:0020       SZSGCAPS
 000B:0022       SZCAPITAL
 000B:0024       SZDEADKEY
 000B:0026       VIRTADR
 000B:002E       PMORTO
 000B:0030       PDEADKEYCODE
 000B:0032       PSGCAPSVK
 000B:0034       PCAPITAL
 000B:0036       ASCIITAB
 000B:003E       PMORTOCODE
 000B:0040       PDEADCHAR
 000B:0042       PSGTRANS
 000B:0044       TABLEEND
 000B:0044       KEYTRANSBASE
 000B:0046       KEYTRANSTBLSIZE
 000B:0048       KEYTRTAB
 000B:00A3       SNAMEBUF
 000B:00EA       KEYNUMTRANS
 000B:00F7       KEYNUMBASE
 000B:00FA       EVENT_PROC
 000B:0104       FSWITCHENABLE
 000B:0108       BIOS_PROC
 000B:010C       NMI_VECTOR
 000B:0110       ACKBYTE
 000B:0111       INITDATAEND
 000B:0126       NUMLOCKFLAG
 000B:012A       LIGHTSADDR
 000B:012E       ENABLED
 000B:012F       FTABLES
 000B:0130       FSYSREQ
 000B:0131       INQUIREDATA
 000B:0137       IQDNUMFUNC

Program entry point at 0001:0053
